<html>
<body>
<pre>
<h1>µVision Build Log</h1>
<h2>Project:</h2>
F:\work\ChargingPile\Project\TIMER.uvproj
Project File Date:  12/09/2017

<h2>Output:</h2>
Rebuild target 'ChargingPile'
compiling hw_config.c...
compiling main.c...
compiling stm32f10x_it.c...
compiling stm32f10x_flash.c...
compiling misc.c...
compiling stm32f10x_tim.c...
compiling stm32f10x_gpio.c...
compiling stm32f10x_rcc.c...
compiling stm32f10x_usart.c...
compiling core_cm3.c...
compiling system_stm32f10x.c...
assembling startup_stm32f10x_cl.s...
linking...
Program Size: Code=8328 RO-data=368 RW-data=40 ZI-data=1632  
".\Obj\TIMER.axf" - 0 Error(s), 0 Warning(s).
